0 0 0 193.627 37491.4 1521.3 2.31435e+06 -0.0035545 1.08903e-08 -5.08972e-07 710 1554 1509.58 1554 0 0.00102718 1.0551e-06 8.42462 70.9742 -2866.68 1.07407e+12 -1.29653e+08 8.42322 8.42563 8.42462 8.42563 0.001588 
738 0.465322 0.0239052 189.619 35955.2 1554.62 2.41686e+06 -0.00353774 1.26027e-08 -5.60839e-07 738 1586 1543.6 1586 0 0.0168546 0.000284076 0.032823 0.00107735 104.36 1.35652e+07 71951.2 0.011059 0.050586 0.0284161 0.018534 0.00686  
0 0 0 387.831 150413 1487.97 2.21405e+06 -0.00292894 3.41866e-10 -4.08843e-08 101 1586 1439.15 1586 0 0.0190419 0.000362593 0.049051 0.002406 -32.2825 1.76222e+07 -14238.7 0.016282 0.080742 0.0454042 0.049306 0.003175  
101 0.0636822 0.00340859 351.826 123781 1520.72 2.31258e+06 -0.00253148 7.87394e-10 -7.21141e-08 101 1586 1481.55 1586 0 0.0162722 0.000264784 0.0673781 0.0045398 23.7793 1.43079e+07 26449.6 0.047411 0.085146 0.0654848 0.063386 0.015975 
101 0.0636822 0.00363401 490.941 241023 1469.73 2.1601e+06 -0.00244396 8.93634e-11 -1.66615e-08 79 1586 1389.65 1586 0 0.0156836 0.000245974 6.13567 37.6464 -116.839 2.11565e+07 -130561 6.11318 6.15101 6.13565 6.14523 0.005222 
812 0.51198 0.0290477 479.375 229801 1473.73 2.17188e+06 -0.00245822 1.07402e-10 -1.87918e-08 79 1586 1397.7 1586 0 0.0161784 0.000261739 6.15718 37.9108 83.3311 2.33177e+07 166797 6.14001 6.18276 6.15716 6.14989 0.004659 
0 0 0 283.192 80197.7 1520.37 2.31151e+06 -0.00340035 1.26209e-09 -1.13515e-07 542 1586 1495.1 1586 0 0.0193426 0.000374135 6.17346 38.1117 -61.2139 1.41383e+07 -547.666 6.14799 6.21522 6.17343 6.18107 0.009933  
0 0 0 673.138 453115 1122.67 1.26038e+06 -0.00211205 5.2207e-12 -7.72895e-10 106 1544 911 1230 314 0.0386253 0.00149191 0.0816957 0.00667419 -13.1684 714224 518.601 0.010547 0.129434 0.0725043 0.079053 0.045261 
0 0 0 649.116 421352 1130.27 1.2775e+06 -0.00208899 6.46082e-12 -1.01352e-09 106 1544 936.6 1230 314 0.0414699 0.00171975 0.126782 0.0160737 -9.91468 613044 2781.29 0.060928 0.196198 0.120166 0.12585 0.033484 
122 0.0790155 0.00634954 627.083 393233 1138.65 1.29652e+06 -0.0020545 7.97921e-12 -1.3076e-09 113 1544 960.7 1230 314 0.0439012 0.00192732 0.174522 0.0304581 14.3928 418463 -577.622 0.097894 0.230707 0.169195 0.159949 0.036249 
203 0.805556 0.055708 44.3771 1969.33 187.264 35067.7 0.00639813 7.73775e-07 -1.94309e-06 90 252 182.2 178 11 0.977811 0.956114 3.77862 14.278 -0.65119 4.67622 -0.705762 0.895372 5.5081 3.65645 3.86399 0.57069  
0 0 0 94.4776 8926.01 222.272 49405 0.00816714 1.16697e-07 2.73173e-06 90 549 202.3 178 25 1.29982 1.68953 5.15081 26.5309 0.186895 0.515004 0.189072 3.55696 7.24606 4.99258 4.88732 1.02333  
0 0 0 104.914 11007 225.734 50955.7 -0.000459038 5.48729e-08 1.44396e-06 90 549 201.316 203 49 2.25763 5.0969 7.31144 53.4571 0.0814873 0.0663013 0.0288008 3.87056 10.9388 6.97341 6.83497 2.15929 
0 0 0 0 0 1554 2.41492e+06 nan nan nan 1554 1554 1554 1554 0 0.00106459 1.13336e-06 0.0773879 0.00598889 -630.12 1.61174e+12 1.2561e+08 0.076032 0.079206 0.077381 0.077619 0 
0 0 0 0 0 1554 2.41492e+06 nan nan nan 1554 1554 1554 1554 0 0.00097903 9.58499e-07 0.0785413 0.00616874 -2098.59 1.37887e+12 2.4674e+08 0.077619 0.080026 0.0785355 0.079206 0.001587  
0 0 0 595.279 354358 1370.43 1.87809e+06 -0.00264521 2.23734e-11 -6.26161e-09 95 1554 1241.55 1554 0 0.0161104 0.000259545 0.0884627 0.00782565 81.28 4.33876e+07 330192 0.077619 0.118426 0.0870579 0.080026 0.00082 